<k>
  721457446580647751014191829380889690493307935711 ~> .
</k>
