<k>
  966588469268559010541288244128342317224451555083 ~> .
</k>
