<generatedTop>
  <k>
    .
  </k>
  <testNum>
    0
  </testNum>
  <secretKey>
    0x
  </secretKey>
  <publicKey>
    0x
  </publicKey>
  <message>
    0x
  </message>
  <signature>
    0x
  </signature>
</generatedTop>
